  Determining projects to restore...
  All projects are up-to-date for restore.
  Shared -> D:\Project\GitRepo\Antigravity\BamboeUp.Api\Shared\bin\Debug\net8.0\Shared.dll
  Entities -> D:\Project\GitRepo\Antigravity\BamboeUp.Api\Entities\bin\Debug\net8.0\Entities.dll
  Contracts -> D:\Project\GitRepo\Antigravity\BamboeUp.Api\Contracts\bin\Debug\net8.0\Contracts.dll
  Service.Contracts.Modules -> D:\Project\GitRepo\Antigravity\BamboeUp.Api\Service.Contracts.Modules\bin\Debug\net8.0\Service.Contracts.Modules.dll
  Service.Contracts.Shell -> D:\Project\GitRepo\Antigravity\BamboeUp.Api\Service.Contracts.Shell\bin\Debug\net8.0\Service.Contracts.Shell.dll
  Repository -> D:\Project\GitRepo\Antigravity\BamboeUp.Api\Repository\bin\Debug\net8.0\Repository.dll
  LoggerService -> D:\Project\GitRepo\Antigravity\BamboeUp.Api\LoggerService\bin\Debug\net8.0\LoggerService.dll
  Service.Modules -> D:\Project\GitRepo\Antigravity\BamboeUp.Api\Service.Modules\bin\Debug\net8.0\Service.Modules.dll
  Service.Shell -> D:\Project\GitRepo\Antigravity\BamboeUp.Api\Service.Shell\bin\Debug\net8.0\Service.Shell.dll
D:\Project\GitRepo\Antigravity\BamboeUp.Api\Presentation.Shell\Controllers\AutoNumberComponentsController.cs(24,39): error CS1061: 'IServiceShellManager' does not contain a definition for 'AutoNumberComponentService' and no accessible extension method 'AutoNumberComponentService' accepting a first argument of type 'IServiceShellManager' could be found (are you missing a using directive or an assembly reference?) [D:\Project\GitRepo\Antigravity\BamboeUp.Api\Presentation.Shell\Presentation.Shell.csproj]
D:\Project\GitRepo\Antigravity\BamboeUp.Api\Presentation.Shell\Controllers\AutoNumberCountersController.cs(24,39): error CS1061: 'IServiceShellManager' does not contain a definition for 'AutoNumberCounterService' and no accessible extension method 'AutoNumberCounterService' accepting a first argument of type 'IServiceShellManager' could be found (are you missing a using directive or an assembly reference?) [D:\Project\GitRepo\Antigravity\BamboeUp.Api\Presentation.Shell\Presentation.Shell.csproj]
D:\Project\GitRepo\Antigravity\BamboeUp.Api\Presentation.Shell\Controllers\AutoNumberTemplatesController.cs(24,39): error CS1061: 'IServiceShellManager' does not contain a definition for 'AutoNumberTemplateService' and no accessible extension method 'AutoNumberTemplateService' accepting a first argument of type 'IServiceShellManager' could be found (are you missing a using directive or an assembly reference?) [D:\Project\GitRepo\Antigravity\BamboeUp.Api\Presentation.Shell\Presentation.Shell.csproj]
D:\Project\GitRepo\Antigravity\BamboeUp.Api\Presentation.Shell\Controllers\AutoNumberCountersController.cs(33,39): error CS1061: 'IServiceShellManager' does not contain a definition for 'AutoNumberCounterService' and no accessible extension method 'AutoNumberCounterService' accepting a first argument of type 'IServiceShellManager' could be found (are you missing a using directive or an assembly reference?) [D:\Project\GitRepo\Antigravity\BamboeUp.Api\Presentation.Shell\Presentation.Shell.csproj]
D:\Project\GitRepo\Antigravity\BamboeUp.Api\Presentation.Shell\Controllers\AutoNumberComponentsController.cs(33,39): error CS1061: 'IServiceShellManager' does not contain a definition for 'AutoNumberComponentService' and no accessible extension method 'AutoNumberComponentService' accepting a first argument of type 'IServiceShellManager' could be found (are you missing a using directive or an assembly reference?) [D:\Project\GitRepo\Antigravity\BamboeUp.Api\Presentation.Shell\Presentation.Shell.csproj]
D:\Project\GitRepo\Antigravity\BamboeUp.Api\Presentation.Shell\Controllers\AutoNumberCountersController.cs(42,42): error CS1061: 'IServiceShellManager' does not contain a definition for 'AutoNumberCounterService' and no accessible extension method 'AutoNumberCounterService' accepting a first argument of type 'IServiceShellManager' could be found (are you missing a using directive or an assembly reference?) [D:\Project\GitRepo\Antigravity\BamboeUp.Api\Presentation.Shell\Presentation.Shell.csproj]
D:\Project\GitRepo\Antigravity\BamboeUp.Api\Presentation.Shell\Controllers\AutoNumberComponentsController.cs(42,42): error CS1061: 'IServiceShellManager' does not contain a definition for 'AutoNumberComponentService' and no accessible extension method 'AutoNumberComponentService' accepting a first argument of type 'IServiceShellManager' could be found (are you missing a using directive or an assembly reference?) [D:\Project\GitRepo\Antigravity\BamboeUp.Api\Presentation.Shell\Presentation.Shell.csproj]
D:\Project\GitRepo\Antigravity\BamboeUp.Api\Presentation.Shell\Controllers\AutoNumberComponentsController.cs(51,28): error CS1061: 'IServiceShellManager' does not contain a definition for 'AutoNumberComponentService' and no accessible extension method 'AutoNumberComponentService' accepting a first argument of type 'IServiceShellManager' could be found (are you missing a using directive or an assembly reference?) [D:\Project\GitRepo\Antigravity\BamboeUp.Api\Presentation.Shell\Presentation.Shell.csproj]
D:\Project\GitRepo\Antigravity\BamboeUp.Api\Presentation.Shell\Controllers\AutoNumberCountersController.cs(51,28): error CS1061: 'IServiceShellManager' does not contain a definition for 'AutoNumberCounterService' and no accessible extension method 'AutoNumberCounterService' accepting a first argument of type 'IServiceShellManager' could be found (are you missing a using directive or an assembly reference?) [D:\Project\GitRepo\Antigravity\BamboeUp.Api\Presentation.Shell\Presentation.Shell.csproj]
D:\Project\GitRepo\Antigravity\BamboeUp.Api\Presentation.Shell\Controllers\AutoNumberComponentsController.cs(60,28): error CS1061: 'IServiceShellManager' does not contain a definition for 'AutoNumberComponentService' and no accessible extension method 'AutoNumberComponentService' accepting a first argument of type 'IServiceShellManager' could be found (are you missing a using directive or an assembly reference?) [D:\Project\GitRepo\Antigravity\BamboeUp.Api\Presentation.Shell\Presentation.Shell.csproj]
D:\Project\GitRepo\Antigravity\BamboeUp.Api\Presentation.Shell\Controllers\AutoNumberComponentsController.cs(69,28): error CS1061: 'IServiceShellManager' does not contain a definition for 'AutoNumberComponentService' and no accessible extension method 'AutoNumberComponentService' accepting a first argument of type 'IServiceShellManager' could be found (are you missing a using directive or an assembly reference?) [D:\Project\GitRepo\Antigravity\BamboeUp.Api\Presentation.Shell\Presentation.Shell.csproj]
D:\Project\GitRepo\Antigravity\BamboeUp.Api\Presentation.Shell\Controllers\AutoNumberTemplatesController.cs(33,39): error CS1061: 'IServiceShellManager' does not contain a definition for 'AutoNumberTemplateService' and no accessible extension method 'AutoNumberTemplateService' accepting a first argument of type 'IServiceShellManager' could be found (are you missing a using directive or an assembly reference?) [D:\Project\GitRepo\Antigravity\BamboeUp.Api\Presentation.Shell\Presentation.Shell.csproj]
D:\Project\GitRepo\Antigravity\BamboeUp.Api\Presentation.Shell\Controllers\AuthController.cs(35,26): warning CS0168: The variable 'ex' is declared but never used [D:\Project\GitRepo\Antigravity\BamboeUp.Api\Presentation.Shell\Presentation.Shell.csproj]
D:\Project\GitRepo\Antigravity\BamboeUp.Api\Presentation.Shell\Controllers\AutoNumberTemplatesController.cs(42,42): error CS1061: 'IServiceShellManager' does not contain a definition for 'AutoNumberTemplateService' and no accessible extension method 'AutoNumberTemplateService' accepting a first argument of type 'IServiceShellManager' could be found (are you missing a using directive or an assembly reference?) [D:\Project\GitRepo\Antigravity\BamboeUp.Api\Presentation.Shell\Presentation.Shell.csproj]
D:\Project\GitRepo\Antigravity\BamboeUp.Api\Presentation.Shell\Controllers\AutoNumberComponentsController.cs(78,41): error CS1061: 'IServiceShellManager' does not contain a definition for 'AutoNumberComponentService' and no accessible extension method 'AutoNumberComponentService' accepting a first argument of type 'IServiceShellManager' could be found (are you missing a using directive or an assembly reference?) [D:\Project\GitRepo\Antigravity\BamboeUp.Api\Presentation.Shell\Presentation.Shell.csproj]
D:\Project\GitRepo\Antigravity\BamboeUp.Api\Presentation.Shell\Controllers\AutoNumberTemplatesController.cs(51,28): error CS1061: 'IServiceShellManager' does not contain a definition for 'AutoNumberTemplateService' and no accessible extension method 'AutoNumberTemplateService' accepting a first argument of type 'IServiceShellManager' could be found (are you missing a using directive or an assembly reference?) [D:\Project\GitRepo\Antigravity\BamboeUp.Api\Presentation.Shell\Presentation.Shell.csproj]
D:\Project\GitRepo\Antigravity\BamboeUp.Api\Presentation.Shell\Controllers\AutoNumberCountersController.cs(60,28): error CS1061: 'IServiceShellManager' does not contain a definition for 'AutoNumberCounterService' and no accessible extension method 'AutoNumberCounterService' accepting a first argument of type 'IServiceShellManager' could be found (are you missing a using directive or an assembly reference?) [D:\Project\GitRepo\Antigravity\BamboeUp.Api\Presentation.Shell\Presentation.Shell.csproj]
D:\Project\GitRepo\Antigravity\BamboeUp.Api\Presentation.Shell\Controllers\AutoNumberTemplatesController.cs(60,28): error CS1061: 'IServiceShellManager' does not contain a definition for 'AutoNumberTemplateService' and no accessible extension method 'AutoNumberTemplateService' accepting a first argument of type 'IServiceShellManager' could be found (are you missing a using directive or an assembly reference?) [D:\Project\GitRepo\Antigravity\BamboeUp.Api\Presentation.Shell\Presentation.Shell.csproj]
D:\Project\GitRepo\Antigravity\BamboeUp.Api\Presentation.Shell\Controllers\AutoNumberCountersController.cs(69,28): error CS1061: 'IServiceShellManager' does not contain a definition for 'AutoNumberCounterService' and no accessible extension method 'AutoNumberCounterService' accepting a first argument of type 'IServiceShellManager' could be found (are you missing a using directive or an assembly reference?) [D:\Project\GitRepo\Antigravity\BamboeUp.Api\Presentation.Shell\Presentation.Shell.csproj]
D:\Project\GitRepo\Antigravity\BamboeUp.Api\Presentation.Shell\Controllers\AutoNumberTemplatesController.cs(69,28): error CS1061: 'IServiceShellManager' does not contain a definition for 'AutoNumberTemplateService' and no accessible extension method 'AutoNumberTemplateService' accepting a first argument of type 'IServiceShellManager' could be found (are you missing a using directive or an assembly reference?) [D:\Project\GitRepo\Antigravity\BamboeUp.Api\Presentation.Shell\Presentation.Shell.csproj]
D:\Project\GitRepo\Antigravity\BamboeUp.Api\Presentation.Shell\Controllers\AutoNumberCountersController.cs(78,41): error CS1061: 'IServiceShellManager' does not contain a definition for 'AutoNumberCounterService' and no accessible extension method 'AutoNumberCounterService' accepting a first argument of type 'IServiceShellManager' could be found (are you missing a using directive or an assembly reference?) [D:\Project\GitRepo\Antigravity\BamboeUp.Api\Presentation.Shell\Presentation.Shell.csproj]
D:\Project\GitRepo\Antigravity\BamboeUp.Api\Presentation.Shell\Controllers\AutoNumberTemplatesController.cs(78,41): error CS1061: 'IServiceShellManager' does not contain a definition for 'AutoNumberTemplateService' and no accessible extension method 'AutoNumberTemplateService' accepting a first argument of type 'IServiceShellManager' could be found (are you missing a using directive or an assembly reference?) [D:\Project\GitRepo\Antigravity\BamboeUp.Api\Presentation.Shell\Presentation.Shell.csproj]
  Presentation.Modules -> D:\Project\GitRepo\Antigravity\BamboeUp.Api\Presentation.Modules\bin\Debug\net8.0\Presentation.Modules.dll

Build FAILED.

D:\Project\GitRepo\Antigravity\BamboeUp.Api\Presentation.Shell\Controllers\AuthController.cs(35,26): warning CS0168: The variable 'ex' is declared but never used [D:\Project\GitRepo\Antigravity\BamboeUp.Api\Presentation.Shell\Presentation.Shell.csproj]
D:\Project\GitRepo\Antigravity\BamboeUp.Api\Presentation.Shell\Controllers\AutoNumberComponentsController.cs(24,39): error CS1061: 'IServiceShellManager' does not contain a definition for 'AutoNumberComponentService' and no accessible extension method 'AutoNumberComponentService' accepting a first argument of type 'IServiceShellManager' could be found (are you missing a using directive or an assembly reference?) [D:\Project\GitRepo\Antigravity\BamboeUp.Api\Presentation.Shell\Presentation.Shell.csproj]
D:\Project\GitRepo\Antigravity\BamboeUp.Api\Presentation.Shell\Controllers\AutoNumberCountersController.cs(24,39): error CS1061: 'IServiceShellManager' does not contain a definition for 'AutoNumberCounterService' and no accessible extension method 'AutoNumberCounterService' accepting a first argument of type 'IServiceShellManager' could be found (are you missing a using directive or an assembly reference?) [D:\Project\GitRepo\Antigravity\BamboeUp.Api\Presentation.Shell\Presentation.Shell.csproj]
D:\Project\GitRepo\Antigravity\BamboeUp.Api\Presentation.Shell\Controllers\AutoNumberTemplatesController.cs(24,39): error CS1061: 'IServiceShellManager' does not contain a definition for 'AutoNumberTemplateService' and no accessible extension method 'AutoNumberTemplateService' accepting a first argument of type 'IServiceShellManager' could be found (are you missing a using directive or an assembly reference?) [D:\Project\GitRepo\Antigravity\BamboeUp.Api\Presentation.Shell\Presentation.Shell.csproj]
D:\Project\GitRepo\Antigravity\BamboeUp.Api\Presentation.Shell\Controllers\AutoNumberCountersController.cs(33,39): error CS1061: 'IServiceShellManager' does not contain a definition for 'AutoNumberCounterService' and no accessible extension method 'AutoNumberCounterService' accepting a first argument of type 'IServiceShellManager' could be found (are you missing a using directive or an assembly reference?) [D:\Project\GitRepo\Antigravity\BamboeUp.Api\Presentation.Shell\Presentation.Shell.csproj]
D:\Project\GitRepo\Antigravity\BamboeUp.Api\Presentation.Shell\Controllers\AutoNumberComponentsController.cs(33,39): error CS1061: 'IServiceShellManager' does not contain a definition for 'AutoNumberComponentService' and no accessible extension method 'AutoNumberComponentService' accepting a first argument of type 'IServiceShellManager' could be found (are you missing a using directive or an assembly reference?) [D:\Project\GitRepo\Antigravity\BamboeUp.Api\Presentation.Shell\Presentation.Shell.csproj]
D:\Project\GitRepo\Antigravity\BamboeUp.Api\Presentation.Shell\Controllers\AutoNumberCountersController.cs(42,42): error CS1061: 'IServiceShellManager' does not contain a definition for 'AutoNumberCounterService' and no accessible extension method 'AutoNumberCounterService' accepting a first argument of type 'IServiceShellManager' could be found (are you missing a using directive or an assembly reference?) [D:\Project\GitRepo\Antigravity\BamboeUp.Api\Presentation.Shell\Presentation.Shell.csproj]
D:\Project\GitRepo\Antigravity\BamboeUp.Api\Presentation.Shell\Controllers\AutoNumberComponentsController.cs(42,42): error CS1061: 'IServiceShellManager' does not contain a definition for 'AutoNumberComponentService' and no accessible extension method 'AutoNumberComponentService' accepting a first argument of type 'IServiceShellManager' could be found (are you missing a using directive or an assembly reference?) [D:\Project\GitRepo\Antigravity\BamboeUp.Api\Presentation.Shell\Presentation.Shell.csproj]
D:\Project\GitRepo\Antigravity\BamboeUp.Api\Presentation.Shell\Controllers\AutoNumberComponentsController.cs(51,28): error CS1061: 'IServiceShellManager' does not contain a definition for 'AutoNumberComponentService' and no accessible extension method 'AutoNumberComponentService' accepting a first argument of type 'IServiceShellManager' could be found (are you missing a using directive or an assembly reference?) [D:\Project\GitRepo\Antigravity\BamboeUp.Api\Presentation.Shell\Presentation.Shell.csproj]
D:\Project\GitRepo\Antigravity\BamboeUp.Api\Presentation.Shell\Controllers\AutoNumberCountersController.cs(51,28): error CS1061: 'IServiceShellManager' does not contain a definition for 'AutoNumberCounterService' and no accessible extension method 'AutoNumberCounterService' accepting a first argument of type 'IServiceShellManager' could be found (are you missing a using directive or an assembly reference?) [D:\Project\GitRepo\Antigravity\BamboeUp.Api\Presentation.Shell\Presentation.Shell.csproj]
D:\Project\GitRepo\Antigravity\BamboeUp.Api\Presentation.Shell\Controllers\AutoNumberComponentsController.cs(60,28): error CS1061: 'IServiceShellManager' does not contain a definition for 'AutoNumberComponentService' and no accessible extension method 'AutoNumberComponentService' accepting a first argument of type 'IServiceShellManager' could be found (are you missing a using directive or an assembly reference?) [D:\Project\GitRepo\Antigravity\BamboeUp.Api\Presentation.Shell\Presentation.Shell.csproj]
D:\Project\GitRepo\Antigravity\BamboeUp.Api\Presentation.Shell\Controllers\AutoNumberComponentsController.cs(69,28): error CS1061: 'IServiceShellManager' does not contain a definition for 'AutoNumberComponentService' and no accessible extension method 'AutoNumberComponentService' accepting a first argument of type 'IServiceShellManager' could be found (are you missing a using directive or an assembly reference?) [D:\Project\GitRepo\Antigravity\BamboeUp.Api\Presentation.Shell\Presentation.Shell.csproj]
D:\Project\GitRepo\Antigravity\BamboeUp.Api\Presentation.Shell\Controllers\AutoNumberTemplatesController.cs(33,39): error CS1061: 'IServiceShellManager' does not contain a definition for 'AutoNumberTemplateService' and no accessible extension method 'AutoNumberTemplateService' accepting a first argument of type 'IServiceShellManager' could be found (are you missing a using directive or an assembly reference?) [D:\Project\GitRepo\Antigravity\BamboeUp.Api\Presentation.Shell\Presentation.Shell.csproj]
D:\Project\GitRepo\Antigravity\BamboeUp.Api\Presentation.Shell\Controllers\AutoNumberTemplatesController.cs(42,42): error CS1061: 'IServiceShellManager' does not contain a definition for 'AutoNumberTemplateService' and no accessible extension method 'AutoNumberTemplateService' accepting a first argument of type 'IServiceShellManager' could be found (are you missing a using directive or an assembly reference?) [D:\Project\GitRepo\Antigravity\BamboeUp.Api\Presentation.Shell\Presentation.Shell.csproj]
D:\Project\GitRepo\Antigravity\BamboeUp.Api\Presentation.Shell\Controllers\AutoNumberComponentsController.cs(78,41): error CS1061: 'IServiceShellManager' does not contain a definition for 'AutoNumberComponentService' and no accessible extension method 'AutoNumberComponentService' accepting a first argument of type 'IServiceShellManager' could be found (are you missing a using directive or an assembly reference?) [D:\Project\GitRepo\Antigravity\BamboeUp.Api\Presentation.Shell\Presentation.Shell.csproj]
D:\Project\GitRepo\Antigravity\BamboeUp.Api\Presentation.Shell\Controllers\AutoNumberTemplatesController.cs(51,28): error CS1061: 'IServiceShellManager' does not contain a definition for 'AutoNumberTemplateService' and no accessible extension method 'AutoNumberTemplateService' accepting a first argument of type 'IServiceShellManager' could be found (are you missing a using directive or an assembly reference?) [D:\Project\GitRepo\Antigravity\BamboeUp.Api\Presentation.Shell\Presentation.Shell.csproj]
D:\Project\GitRepo\Antigravity\BamboeUp.Api\Presentation.Shell\Controllers\AutoNumberCountersController.cs(60,28): error CS1061: 'IServiceShellManager' does not contain a definition for 'AutoNumberCounterService' and no accessible extension method 'AutoNumberCounterService' accepting a first argument of type 'IServiceShellManager' could be found (are you missing a using directive or an assembly reference?) [D:\Project\GitRepo\Antigravity\BamboeUp.Api\Presentation.Shell\Presentation.Shell.csproj]
D:\Project\GitRepo\Antigravity\BamboeUp.Api\Presentation.Shell\Controllers\AutoNumberTemplatesController.cs(60,28): error CS1061: 'IServiceShellManager' does not contain a definition for 'AutoNumberTemplateService' and no accessible extension method 'AutoNumberTemplateService' accepting a first argument of type 'IServiceShellManager' could be found (are you missing a using directive or an assembly reference?) [D:\Project\GitRepo\Antigravity\BamboeUp.Api\Presentation.Shell\Presentation.Shell.csproj]
D:\Project\GitRepo\Antigravity\BamboeUp.Api\Presentation.Shell\Controllers\AutoNumberCountersController.cs(69,28): error CS1061: 'IServiceShellManager' does not contain a definition for 'AutoNumberCounterService' and no accessible extension method 'AutoNumberCounterService' accepting a first argument of type 'IServiceShellManager' could be found (are you missing a using directive or an assembly reference?) [D:\Project\GitRepo\Antigravity\BamboeUp.Api\Presentation.Shell\Presentation.Shell.csproj]
D:\Project\GitRepo\Antigravity\BamboeUp.Api\Presentation.Shell\Controllers\AutoNumberTemplatesController.cs(69,28): error CS1061: 'IServiceShellManager' does not contain a definition for 'AutoNumberTemplateService' and no accessible extension method 'AutoNumberTemplateService' accepting a first argument of type 'IServiceShellManager' could be found (are you missing a using directive or an assembly reference?) [D:\Project\GitRepo\Antigravity\BamboeUp.Api\Presentation.Shell\Presentation.Shell.csproj]
D:\Project\GitRepo\Antigravity\BamboeUp.Api\Presentation.Shell\Controllers\AutoNumberCountersController.cs(78,41): error CS1061: 'IServiceShellManager' does not contain a definition for 'AutoNumberCounterService' and no accessible extension method 'AutoNumberCounterService' accepting a first argument of type 'IServiceShellManager' could be found (are you missing a using directive or an assembly reference?) [D:\Project\GitRepo\Antigravity\BamboeUp.Api\Presentation.Shell\Presentation.Shell.csproj]
D:\Project\GitRepo\Antigravity\BamboeUp.Api\Presentation.Shell\Controllers\AutoNumberTemplatesController.cs(78,41): error CS1061: 'IServiceShellManager' does not contain a definition for 'AutoNumberTemplateService' and no accessible extension method 'AutoNumberTemplateService' accepting a first argument of type 'IServiceShellManager' could be found (are you missing a using directive or an assembly reference?) [D:\Project\GitRepo\Antigravity\BamboeUp.Api\Presentation.Shell\Presentation.Shell.csproj]
    1 Warning(s)
    21 Error(s)

Time Elapsed 00:00:04.02
